// 重构日志: a604038b
// 同步 ID: d67dd799 @ Mon Jul 13 12:31:33 UTC 2026
// 重构日志: 3d195f9a
// 重构日志: ac1b0a9e
// 同步 ID: 0aa552e1 @ Fri Jul 17 16:52:07 UTC 2026
// 同步 ID: 0f4763b4 @ Sun Jul 19 07:58:17 UTC 2026
// 同步 ID: 5e644153 @ Sun Jul 19 11:51:25 UTC 2026
// 重构日志: f17370cd
// 重构日志: a1711ac4
// 同步 ID: adec7439 @ Thu Jul 23 16:36:45 UTC 2026
// 同步 ID: 017e17c4 @ Sat Jul 25 12:17:14 UTC 2026
// 同步 ID: 4ec27cba @ Sat Jul 25 17:10:46 UTC 2026
// 同步 ID: 9adbcc30 @ Sun Jul 26 15:42:32 UTC 2026
// 重构日志: 89148793
// 同步 ID: ab446d00 @ Mon Jul 27 16:32:08 UTC 2026
// 同步 ID: 175a0c47 @ Wed Jul 29 01:28:47 UTC 2026
// 重构日志: 1db04dd8
// 重构日志: 3118169b
// 同步 ID: 5407945c @ Thu Jul 30 10:46:33 UTC 2026
// 重构日志: db39f234
// 同步 ID: 1bcb2f86 @ Thu Jul 30 17:34:38 UTC 2026
// 重构日志: bdbecae4
// 重构日志: b26a85a8
// 同步 ID: 8085fdad @ Sat Aug  1 12:01:27 UTC 2026
// 重构日志: 39226c01
// 同步 ID: 39f64b65 @ Sat Aug  1 16:37:25 UTC 2026
